<html>
<body>
<pre>
<h1>µVision Build Log</h1>
<h2>Tool Versions:</h2>
IDE-Version: µVision V5.30.0.0
Copyright (C) 2020 ARM Ltd and ARM Germany GmbH. All rights reserved.
License Information: Thuan Le, ThuanLe, LIC=03C74-FCW3L-VE0HA-1IMNG-CCLL2-09JL7
 
Tool Versions:
Toolchain:       MDK-ARM Plus  Version: 5.30.0.0
Toolchain Path:  C:\Keil_v5\ARM\ARMCC\Bin
C Compiler:      Armcc.exe V5.06 update 6 (build 750)
Assembler:       Armasm.exe V5.06 update 6 (build 750)
Linker/Locator:  ArmLink.exe V5.06 update 6 (build 750)
Library Manager: ArmAr.exe V5.06 update 6 (build 750)
Hex Converter:   FromElf.exe V5.06 update 6 (build 750)
CPU DLL:         
Dialog DLL:      
Target DLL:      Segger\JL2CM3.dll V2.99.38.0
Dialog DLL:      TCM.DLL V1.42.0.0
 
<h2>Project:</h2>
D:\02_Mega\06_Projects\05_SPO2_Sensor_OB1203\01_Software\oximeter-ble-fw\app\arm5_no_packs\ble_oxymeter.uvprojx
Project File Date:  03/01/2021

<h2>Output:</h2>
*** Using Compiler 'V5.06 update 6 (build 750)', folder: 'C:\Keil_v5\ARM\ARMCC\Bin'
Build target 'nrf52832_xxaa'
compiling max30205.c...
compiling sys_bm.c...
compiling sys_temp.c...
compiling sys_bsp.c...
compiling spo2.c...
compiling ob1203.c...
compiling main.c...
compiling sys_po.c...
compiling bsp_btn_ble.c...
compiling boards.c...
compiling ble_advdata.c...
compiling ble_advertising.c...
compiling bsp.c...
compiling ble_conn_params.c...
compiling ble_conn_state.c...
compiling ble_link_ctx_manager.c...
compiling nrf_ble_qwr.c...
compiling nrf_ble_gatt.c...
compiling ble_blood_oxygen_service.c...
compiling ble_dis.c...
compiling ble_bas.c...
compiling ble_heart_rate_service.c...
compiling nrfx_atomic.c...
compiling ble_body_temp_service.c...
compiling nrfx_clock.c...
compiling nrf_drv_uart.c...
compiling nrfx_gpiote.c...
compiling nrf_drv_clock.c...
compiling nrfx_prs.c...
compiling app_error_handler_keil.c...
compiling nrfx_uart.c...
compiling nrfx_twi.c...
compiling app_button.c...
compiling nrfx_saadc.c...
compiling nrf_drv_twi.c...
compiling nrfx_uarte.c...
compiling app_error_weak.c...
compiling hardfault_implementation.c...
compiling app_fifo.c...
compiling app_scheduler.c...
compiling app_timer2.c...
compiling app_uart_fifo.c...
compiling nrf_atfifo.c...
compiling drv_rtc.c...
compiling nrf_atomic.c...
compiling nrf_atflags.c...
compiling nrf_fprintf.c...
compiling nrf_balloc.c...
compiling nrf_fprintf_format.c...
compiling nrf_memobj.c...
compiling nrf_section_iter.c...
compiling nrf_ringbuf.c...
compiling nrf_pwr_mgmt.c...
compiling nrf_strerror.c...
compiling nrf_sortlist.c...
compiling retarget.c...
compiling nrf_log_backend_rtt.c...
compiling SEGGER_RTT_Syscalls_KEIL.c...
compiling nrf_log_backend_serial.c...
compiling nrf_log_default_backends.c...
compiling nrf_log_frontend.c...
compiling SEGGER_RTT.c...
compiling nrf_log_str_formatter.c...
compiling nrf_log_backend_uart.c...
compiling SEGGER_RTT_printf.c...
compiling nrf_sdh.c...
compiling nrf_sdh_soc.c...
compiling nrf_sdh_ble.c...
linking...
Program Size: Code=38844 RO-data=4056 RW-data=592 ZI-data=18064  
FromELF: creating hex file...
".\_build\nrf52832_xxaa.axf" - 0 Error(s), 0 Warning(s).

<h2>Software Packages used:</h2>

Package Vendor: ARM
                http://www.keil.com/pack/ARM.CMSIS.5.6.0.pack
                ARM.CMSIS.5.6.0
                CMSIS (Cortex Microcontroller Software Interface Standard)
   * Component: CORE Version: 5.3.0

Package Vendor: NordicSemiconductor
                http://developer.nordicsemi.com/nRF5_SDK/pieces/nRF_DeviceFamilyPack/NordicSemiconductor.nRF_DeviceFamilyPack.8.35.0.pack
                NordicSemiconductor.nRF_DeviceFamilyPack.8.35.0
                Nordic Semiconductor nRF ARM devices Device Family Pack with BSD license.
   * Component: Startup Version: 8.35.0

<h2>Collection of Component include folders:</h2>
  .\RTE\_nrf52832_xxaa
  C:\Keil_v5\ARM\PACK\ARM\CMSIS\5.6.0\CMSIS\Core\Include
  C:\Keil_v5\ARM\PACK\NordicSemiconductor\nRF_DeviceFamilyPack\8.35.0\Device\Include

<h2>Collection of Component Files used:</h2>

   * Component: ARM::CMSIS:CORE:5.3.0

   * Component: NordicSemiconductor::Device:Startup:8.35.0
      Include file:  Device\Include\system_nrf52.h
      Source file:   Device\Source\arm\arm_startup_nrf52.s
      Source file:   Device\Source\system_nrf52.c
      Include file:  Device\Include\system_nrf.h
Build Time Elapsed:  00:01:06
</pre>
</body>
</html>
